nohup: ignoring input
Warm-starting from checkpoints/limbic_lstm_v6/limbic_lstm_v6_final.zip
  Transferred 20/20 layers.

Training RecurrentPPO  run=lstm_v7  600,000 steps  4 envs  10 agents/env  lstm_hidden=64  seed=42
  Curriculum: combat prob 0.2 → 1.0 over first 300,000 steps
  Checkpoint dir: checkpoints/limbic_lstm_v7
  Dashboard: logs/dashboard_data.js

  [  6.7%]    40,000 / 600,000 steps
  [ 13.3%]    80,000 / 600,000 steps
  [ 20.0%]   120,000 / 600,000 steps
  [ 26.7%]   160,000 / 600,000 steps
  [ 33.3%]   200,000 / 600,000 steps
  [ 40.0%]   240,000 / 600,000 steps
  [ 46.7%]   280,000 / 600,000 steps
  [ 53.3%]   320,000 / 600,000 steps
  [ 60.0%]   360,000 / 600,000 steps
  [ 66.7%]   400,000 / 600,000 steps
  [ 73.3%]   440,000 / 600,000 steps
  [ 80.0%]   480,000 / 600,000 steps
  [ 86.7%]   520,000 / 600,000 steps
  [ 93.3%]   560,000 / 600,000 steps
  [100.0%]   600,000 / 600,000 steps

Done. Saved → checkpoints/limbic_lstm_v7/limbic_lstm_v7_final.zip
