nohup: ignoring input
Warm-starting from checkpoints/limbic_lstm_v11/limbic_lstm_v11_final.zip
  Transferred 18/20 layers.

Training RecurrentPPO  run=lstm_v12  1,000,000 steps  4 envs  10 agents/env  lstm_hidden=64  seed=42
  Config section:    lstm_v12
  LR:                0.0001 → 1e-05 (linear decay)
  Clip range:        0.15 → 0.05 (linear decay)
  ent_coef:          0.02
  Curriculum: combat prob 0.2 → 1.0 over first 1 steps
  Checkpoint dir: checkpoints/limbic_lstm_v12
  Dashboard: logs/dashboard_data.js

  [  6.7%]    66,668 / 1,000,000 steps
  [ 13.3%]   133,332 / 1,000,000 steps
  [ 20.0%]   200,000 / 1,000,000 steps
  [ 26.7%]   266,664 / 1,000,000 steps
  [ 33.3%]   333,332 / 1,000,000 steps
  [ 40.0%]   399,996 / 1,000,000 steps
  [ 46.7%]   466,664 / 1,000,000 steps
  [ 53.3%]   533,328 / 1,000,000 steps
  [ 60.0%]   599,996 / 1,000,000 steps
  [ 66.7%]   666,660 / 1,000,000 steps
  [ 73.3%]   733,328 / 1,000,000 steps
  [ 80.0%]   799,992 / 1,000,000 steps
  [ 86.7%]   866,660 / 1,000,000 steps
  [ 93.3%]   933,324 / 1,000,000 steps
  [100.0%]   999,992 / 1,000,000 steps

Done. Saved → checkpoints/limbic_lstm_v12/limbic_lstm_v12_final.zip
